components/schedule.tsx(3,8): error TS1259: Module '"C:/Codes/qoldanba/node_modules/@types/react/index"' can only be default-imported using the 'esModuleInterop' flag
components/schedule.tsx(5,8): error TS1259: Module '"C:/Codes/qoldanba/node_modules/moment/ts3.1-typings/moment"' can only be default-imported using the 'esModuleInterop' flag
components/schedule.tsx(6,20): error TS2307: Cannot find module '@/lib/utils' or its corresponding type declarations.
components/schedule.tsx(7,30): error TS2307: Cannot find module '@/lib/supabase/client' or its corresponding type declarations.
components/schedule.tsx(121,3): error TS17004: Cannot use JSX unless the '--jsx' flag is provided.
components/schedule.tsx(122,4): error TS17004: Cannot use JSX unless the '--jsx' flag is provided.
components/schedule.tsx(127,18): error TS17004: Cannot use JSX unless the '--jsx' flag is provided.
components/schedule.tsx(128,21): error TS17004: Cannot use JSX unless the '--jsx' flag is provided.
components/schedule.tsx(129,4): error TS17004: Cannot use JSX unless the '--jsx' flag is provided.
components/schedule.tsx(129,5): error TS2740: Type '{ groups: { id: number; title: string; }[]; items: TimelineItem[]; defaultTimeStart: any; defaultTimeEnd: any; }' is missing the following properties from type 'ReactCalendarTimelineProps<TimelineItem, { id: number; title: string; }>': keys, sidebarWidth, rightSidebarWidth, lineHeight, and 5 more.
node_modules/react-calendar-timeline/dist/lib/headers/CustomDateHeader.d.ts(1,8): error TS1259: Module '"C:/Codes/qoldanba/node_modules/@types/react/index"' can only be default-imported using the 'esModuleInterop' flag
node_modules/react-calendar-timeline/dist/lib/headers/SidebarHeader.d.ts(1,8): error TS1259: Module '"C:/Codes/qoldanba/node_modules/@types/react/index"' can only be default-imported using the 'esModuleInterop' flag
node_modules/react-calendar-timeline/dist/lib/headers/TimelineHeaders.d.ts(1,8): error TS1259: Module '"C:/Codes/qoldanba/node_modules/@types/react/index"' can only be default-imported using the 'esModuleInterop' flag
node_modules/react-calendar-timeline/dist/lib/markers/markerType.d.ts(1,8): error TS1259: Module '"C:/Codes/qoldanba/node_modules/@types/react/index"' can only be default-imported using the 'esModuleInterop' flag
node_modules/react-calendar-timeline/dist/lib/markers/TimelineMarkersContext.d.ts(1,8): error TS1259: Module '"C:/Codes/qoldanba/node_modules/@types/react/index"' can only be default-imported using the 'esModuleInterop' flag
node_modules/react-calendar-timeline/dist/lib/row/GroupRow.d.ts(1,8): error TS1259: Module '"C:/Codes/qoldanba/node_modules/@types/react/index"' can only be default-imported using the 'esModuleInterop' flag
node_modules/react-calendar-timeline/dist/lib/row/GroupRows.d.ts(1,8): error TS1259: Module '"C:/Codes/qoldanba/node_modules/@types/react/index"' can only be default-imported using the 'esModuleInterop' flag
node_modules/react-calendar-timeline/dist/lib/Timeline.d.ts(1,8): error TS1259: Module '"C:/Codes/qoldanba/node_modules/@types/react/index"' can only be default-imported using the 'esModuleInterop' flag
node_modules/react-calendar-timeline/dist/lib/Timeline.d.ts(6,8): error TS1259: Module '"C:/Codes/qoldanba/node_modules/dayjs/index"' can only be default-imported using the 'esModuleInterop' flag
node_modules/react-calendar-timeline/dist/lib/timeline/TimelineStateContext.d.ts(1,8): error TS1259: Module '"C:/Codes/qoldanba/node_modules/@types/react/index"' can only be default-imported using the 'esModuleInterop' flag
